Archive member included because of file (symbol)

d:/imt_sdk_win_64/winavr/bin/../lib/gcc/avr/4.3.3/avr5\libgcc.a(_mulsi3.o)
                              ./HAL/LCD/src/LCD_program.o (__mulsi3)
d:/imt_sdk_win_64/winavr/bin/../lib/gcc/avr/4.3.3/avr5\libgcc.a(_udivmodsi4.o)
                              ./MCAL/PWM1/src/PWM1_program.o (__udivmodsi4)
d:/imt_sdk_win_64/winavr/bin/../lib/gcc/avr/4.3.3/avr5\libgcc.a(_exit.o)
                              d:/imt_sdk_win_64/winavr/bin/../lib/gcc/avr/4.3.3/../../../../avr/lib/avr5/crtm32.o (exit)
d:/imt_sdk_win_64/winavr/bin/../lib/gcc/avr/4.3.3/avr5\libgcc.a(_copy_data.o)
                              ./HAL/LCD/src/LCD_program.o (__do_copy_data)
d:/imt_sdk_win_64/winavr/bin/../lib/gcc/avr/4.3.3/avr5\libgcc.a(_clear_bss.o)
                              ./MCAL/SPI_Slave/src/SPI_program.o (__do_clear_bss)
d:/imt_sdk_win_64/winavr/bin/../lib/gcc/avr/4.3.3/avr5\libgcc.a(_fixunssfsi.o)
                              ./MCAL/PWM1/src/PWM1_program.o (__fixunssfsi)
d:/imt_sdk_win_64/winavr/bin/../lib/gcc/avr/4.3.3/avr5\libgcc.a(_addsub_sf.o)
                              ./MCAL/PWM1/src/PWM1_program.o (__subsf3)
d:/imt_sdk_win_64/winavr/bin/../lib/gcc/avr/4.3.3/avr5\libgcc.a(_mul_sf.o)
                              ./MCAL/PWM1/src/PWM1_program.o (__mulsf3)
d:/imt_sdk_win_64/winavr/bin/../lib/gcc/avr/4.3.3/avr5\libgcc.a(_div_sf.o)
                              ./MCAL/PWM1/src/PWM1_program.o (__divsf3)
d:/imt_sdk_win_64/winavr/bin/../lib/gcc/avr/4.3.3/avr5\libgcc.a(_gt_sf.o)
                              ./HAL/LCD/src/LCD_program.o (__gtsf2)
d:/imt_sdk_win_64/winavr/bin/../lib/gcc/avr/4.3.3/avr5\libgcc.a(_ge_sf.o)
                              d:/imt_sdk_win_64/winavr/bin/../lib/gcc/avr/4.3.3/avr5\libgcc.a(_fixunssfsi.o) (__gesf2)
d:/imt_sdk_win_64/winavr/bin/../lib/gcc/avr/4.3.3/avr5\libgcc.a(_lt_sf.o)
                              ./HAL/LCD/src/LCD_program.o (__ltsf2)
d:/imt_sdk_win_64/winavr/bin/../lib/gcc/avr/4.3.3/avr5\libgcc.a(_le_sf.o)
                              ./MCAL/PWM1/src/PWM1_program.o (__lesf2)
d:/imt_sdk_win_64/winavr/bin/../lib/gcc/avr/4.3.3/avr5\libgcc.a(_si_to_sf.o)
                              ./HAL/SERVO/src/SERVO_program.o (__floatsisf)
d:/imt_sdk_win_64/winavr/bin/../lib/gcc/avr/4.3.3/avr5\libgcc.a(_sf_to_si.o)
                              d:/imt_sdk_win_64/winavr/bin/../lib/gcc/avr/4.3.3/avr5\libgcc.a(_fixunssfsi.o) (__fixsfsi)
d:/imt_sdk_win_64/winavr/bin/../lib/gcc/avr/4.3.3/avr5\libgcc.a(_thenan_sf.o)
                              d:/imt_sdk_win_64/winavr/bin/../lib/gcc/avr/4.3.3/avr5\libgcc.a(_addsub_sf.o) (__thenan_sf)
d:/imt_sdk_win_64/winavr/bin/../lib/gcc/avr/4.3.3/avr5\libgcc.a(_usi_to_sf.o)
                              ./MCAL/PWM1/src/PWM1_program.o (__floatunsisf)
d:/imt_sdk_win_64/winavr/bin/../lib/gcc/avr/4.3.3/avr5\libgcc.a(_prologue.o)
                              d:/imt_sdk_win_64/winavr/bin/../lib/gcc/avr/4.3.3/avr5\libgcc.a(_addsub_sf.o) (__prologue_saves__)
d:/imt_sdk_win_64/winavr/bin/../lib/gcc/avr/4.3.3/avr5\libgcc.a(_epilogue.o)
                              d:/imt_sdk_win_64/winavr/bin/../lib/gcc/avr/4.3.3/avr5\libgcc.a(_addsub_sf.o) (__epilogue_restores__)
d:/imt_sdk_win_64/winavr/bin/../lib/gcc/avr/4.3.3/avr5\libgcc.a(_clzsi2.o)
                              d:/imt_sdk_win_64/winavr/bin/../lib/gcc/avr/4.3.3/avr5\libgcc.a(_si_to_sf.o) (__clzsi2)
d:/imt_sdk_win_64/winavr/bin/../lib/gcc/avr/4.3.3/avr5\libgcc.a(_pack_sf.o)
                              d:/imt_sdk_win_64/winavr/bin/../lib/gcc/avr/4.3.3/avr5\libgcc.a(_addsub_sf.o) (__pack_f)
d:/imt_sdk_win_64/winavr/bin/../lib/gcc/avr/4.3.3/avr5\libgcc.a(_unpack_sf.o)
                              d:/imt_sdk_win_64/winavr/bin/../lib/gcc/avr/4.3.3/avr5\libgcc.a(_addsub_sf.o) (__unpack_f)
d:/imt_sdk_win_64/winavr/bin/../lib/gcc/avr/4.3.3/avr5\libgcc.a(_fpcmp_parts_sf.o)
                              d:/imt_sdk_win_64/winavr/bin/../lib/gcc/avr/4.3.3/avr5\libgcc.a(_gt_sf.o) (__fpcmp_parts_f)
d:/imt_sdk_win_64/winavr/bin/../lib/gcc/avr/4.3.3/avr5\libgcc.a(_clz.o)
                              d:/imt_sdk_win_64/winavr/bin/../lib/gcc/avr/4.3.3/avr5\libgcc.a(_clzsi2.o) (__clz_tab)

Memory Configuration

Name             Origin             Length             Attributes
text             0x00000000         0x00020000         xr
data             0x00800060         0x0000ffa0         rw !x
eeprom           0x00810000         0x00010000         rw !x
fuse             0x00820000         0x00000400         rw !x
lock             0x00830000         0x00000400         rw !x
signature        0x00840000         0x00000400         rw !x
*default*        0x00000000         0xffffffff

Linker script and memory map

LOAD d:/imt_sdk_win_64/winavr/bin/../lib/gcc/avr/4.3.3/../../../../avr/lib/avr5/crtm32.o
LOAD ./MCAL/USART/src/USART_program.o
LOAD ./MCAL/TWI/src/TWI_program.o
LOAD ./MCAL/SPI_Slave/src/SPI_program.o
LOAD ./MCAL/PWM1/src/PWM1_program.o
LOAD ./MCAL/GI/src/GI_program.o
LOAD ./MCAL/EXTI/src/EXTI_program.o
LOAD ./MCAL/DIO/src/DIO_program.o
LOAD ./HAL/SWITCH/src/SWITCH_program.o
LOAD ./HAL/SERVO/src/SERVO_program.o
LOAD ./HAL/LCD/src/LCD_program.o
LOAD ./HAL/KPD/src/KEYPAD_program.o
LOAD ./HAL/EEPROM/src/EEPROM_program.o
LOAD ./HAL/BUZZER/src/BUZZER_program.o
LOAD ./ADMIN/src/ADMIN_program.o
LOAD ./main.o
LOAD d:/imt_sdk_win_64/winavr/bin/../lib/gcc/avr/4.3.3/avr5\libgcc.a
LOAD d:/imt_sdk_win_64/winavr/bin/../lib/gcc/avr/4.3.3/../../../../avr/lib/avr5\libc.a
LOAD d:/imt_sdk_win_64/winavr/bin/../lib/gcc/avr/4.3.3/avr5\libgcc.a

.hash
 *(.hash)

.dynsym
 *(.dynsym)

.dynstr
 *(.dynstr)

.gnu.version
 *(.gnu.version)

.gnu.version_d
 *(.gnu.version_d)

.gnu.version_r
 *(.gnu.version_r)

.rel.init
 *(.rel.init)

.rela.init
 *(.rela.init)

.rel.text
 *(.rel.text)
 *(.rel.text.*)
 *(.rel.gnu.linkonce.t*)

.rela.text
 *(.rela.text)
 *(.rela.text.*)
 *(.rela.gnu.linkonce.t*)

.rel.fini
 *(.rel.fini)

.rela.fini
 *(.rela.fini)

.rel.rodata
 *(.rel.rodata)
 *(.rel.rodata.*)
 *(.rel.gnu.linkonce.r*)

.rela.rodata
 *(.rela.rodata)
 *(.rela.rodata.*)
 *(.rela.gnu.linkonce.r*)

.rel.data
 *(.rel.data)
 *(.rel.data.*)
 *(.rel.gnu.linkonce.d*)

.rela.data
 *(.rela.data)
 *(.rela.data.*)
 *(.rela.gnu.linkonce.d*)

.rel.ctors
 *(.rel.ctors)

.rela.ctors
 *(.rela.ctors)

.rel.dtors
 *(.rel.dtors)

.rela.dtors
 *(.rela.dtors)

.rel.got
 *(.rel.got)

.rela.got
 *(.rela.got)

.rel.bss
 *(.rel.bss)

.rela.bss
 *(.rela.bss)

.rel.plt
 *(.rel.plt)

.rela.plt
 *(.rela.plt)

.text           0x00000000     0x5300
 *(.vectors)
 .vectors       0x00000000       0x54 d:/imt_sdk_win_64/winavr/bin/../lib/gcc/avr/4.3.3/../../../../avr/lib/avr5/crtm32.o
                0x00000000                __vectors
                0x00000000                __vector_default
 *(.vectors)
 *(.progmem.gcc*)
 *(.progmem*)
                0x00000054                . = ALIGN (0x2)
                0x00000054                __trampolines_start = .
 *(.trampolines)
 .trampolines   0x00000054        0x0 linker stubs
 *(.trampolines*)
                0x00000054                __trampolines_end = .
 *(.jumptables)
 *(.jumptables*)
 *(.lowtext)
 *(.lowtext*)
                0x00000054                __ctors_start = .
 *(.ctors)
                0x00000054                __ctors_end = .
                0x00000054                __dtors_start = .
 *(.dtors)
                0x00000054                __dtors_end = .
 SORT(*)(.ctors)
 SORT(*)(.dtors)
 *(.init0)
 .init0         0x00000054        0x0 d:/imt_sdk_win_64/winavr/bin/../lib/gcc/avr/4.3.3/../../../../avr/lib/avr5/crtm32.o
                0x00000054                __init
 *(.init0)
 *(.init1)
 *(.init1)
 *(.init2)
 .init2         0x00000054        0xc d:/imt_sdk_win_64/winavr/bin/../lib/gcc/avr/4.3.3/../../../../avr/lib/avr5/crtm32.o
 *(.init2)
 *(.init3)
 *(.init3)
 *(.init4)
 .init4         0x00000060       0x16 d:/imt_sdk_win_64/winavr/bin/../lib/gcc/avr/4.3.3/avr5\libgcc.a(_copy_data.o)
                0x00000060                __do_copy_data
 .init4         0x00000076       0x10 d:/imt_sdk_win_64/winavr/bin/../lib/gcc/avr/4.3.3/avr5\libgcc.a(_clear_bss.o)
                0x00000076                __do_clear_bss
 *(.init4)
 *(.init5)
 *(.init5)
 *(.init6)
 *(.init6)
 *(.init7)
 *(.init7)
 *(.init8)
 *(.init8)
 *(.init9)
 .init9         0x00000086        0x8 d:/imt_sdk_win_64/winavr/bin/../lib/gcc/avr/4.3.3/../../../../avr/lib/avr5/crtm32.o
 *(.init9)
 *(.text)
 .text          0x0000008e        0x4 d:/imt_sdk_win_64/winavr/bin/../lib/gcc/avr/4.3.3/../../../../avr/lib/avr5/crtm32.o
                0x0000008e                __bad_interrupt
                0x0000008e                __vector_6
                0x0000008e                __vector_11
                0x0000008e                __vector_13
                0x0000008e                __vector_17
                0x0000008e                __vector_19
                0x0000008e                __vector_7
                0x0000008e                __vector_5
                0x0000008e                __vector_4
                0x0000008e                __vector_9
                0x0000008e                __vector_15
                0x0000008e                __vector_8
                0x0000008e                __vector_14
                0x0000008e                __vector_10
                0x0000008e                __vector_16
                0x0000008e                __vector_18
                0x0000008e                __vector_20
 .text          0x00000092        0x0 ./MCAL/USART/src/USART_program.o
 .text          0x00000092        0x0 ./MCAL/TWI/src/TWI_program.o
 .text          0x00000092        0x0 ./MCAL/SPI_Slave/src/SPI_program.o
 .text          0x00000092        0x0 ./MCAL/PWM1/src/PWM1_program.o
 .text          0x00000092        0x0 ./MCAL/GI/src/GI_program.o
 .text          0x00000092        0x0 ./MCAL/EXTI/src/EXTI_program.o
 .text          0x00000092        0x0 ./MCAL/DIO/src/DIO_program.o
 .text          0x00000092        0x0 ./HAL/SWITCH/src/SWITCH_program.o
 .text          0x00000092        0x0 ./HAL/SERVO/src/SERVO_program.o
 .text          0x00000092        0x0 ./HAL/LCD/src/LCD_program.o
 .text          0x00000092        0x0 ./HAL/KPD/src/KEYPAD_program.o
 .text          0x00000092        0x0 ./HAL/EEPROM/src/EEPROM_program.o
 .text          0x00000092        0x0 ./HAL/BUZZER/src/BUZZER_program.o
 .text          0x00000092        0x0 ./ADMIN/src/ADMIN_program.o
 .text          0x00000092        0x0 ./main.o
 .text          0x00000092        0x0 d:/imt_sdk_win_64/winavr/bin/../lib/gcc/avr/4.3.3/avr5\libgcc.a(_mulsi3.o)
 .text          0x00000092        0x0 d:/imt_sdk_win_64/winavr/bin/../lib/gcc/avr/4.3.3/avr5\libgcc.a(_udivmodsi4.o)
 .text          0x00000092        0x0 d:/imt_sdk_win_64/winavr/bin/../lib/gcc/avr/4.3.3/avr5\libgcc.a(_exit.o)
 .text          0x00000092        0x0 d:/imt_sdk_win_64/winavr/bin/../lib/gcc/avr/4.3.3/avr5\libgcc.a(_copy_data.o)
 .text          0x00000092        0x0 d:/imt_sdk_win_64/winavr/bin/../lib/gcc/avr/4.3.3/avr5\libgcc.a(_clear_bss.o)
 .text          0x00000092       0x58 d:/imt_sdk_win_64/winavr/bin/../lib/gcc/avr/4.3.3/avr5\libgcc.a(_fixunssfsi.o)
                0x00000092                __fixunssfsi
 .text          0x000000ea      0x354 d:/imt_sdk_win_64/winavr/bin/../lib/gcc/avr/4.3.3/avr5\libgcc.a(_addsub_sf.o)
                0x00000382                __subsf3
                0x000003e4                __addsf3
 .text          0x0000043e      0x1f4 d:/imt_sdk_win_64/winavr/bin/../lib/gcc/avr/4.3.3/avr5\libgcc.a(_mul_sf.o)
                0x0000043e                __mulsf3
 .text          0x00000632      0x158 d:/imt_sdk_win_64/winavr/bin/../lib/gcc/avr/4.3.3/avr5\libgcc.a(_div_sf.o)
                0x00000632                __divsf3
 .text          0x0000078a       0x60 d:/imt_sdk_win_64/winavr/bin/../lib/gcc/avr/4.3.3/avr5\libgcc.a(_gt_sf.o)
                0x0000078a                __gtsf2
 .text          0x000007ea       0x60 d:/imt_sdk_win_64/winavr/bin/../lib/gcc/avr/4.3.3/avr5\libgcc.a(_ge_sf.o)
                0x000007ea                __gesf2
 .text          0x0000084a       0x60 d:/imt_sdk_win_64/winavr/bin/../lib/gcc/avr/4.3.3/avr5\libgcc.a(_lt_sf.o)
                0x0000084a                __ltsf2
 .text          0x000008aa       0x60 d:/imt_sdk_win_64/winavr/bin/../lib/gcc/avr/4.3.3/avr5\libgcc.a(_le_sf.o)
                0x000008aa                __lesf2
 .text          0x0000090a       0xbc d:/imt_sdk_win_64/winavr/bin/../lib/gcc/avr/4.3.3/avr5\libgcc.a(_si_to_sf.o)
                0x0000090a                __floatsisf
 .text          0x000009c6       0xa8 d:/imt_sdk_win_64/winavr/bin/../lib/gcc/avr/4.3.3/avr5\libgcc.a(_sf_to_si.o)
                0x000009c6                __fixsfsi
 .text          0x00000a6e        0x0 d:/imt_sdk_win_64/winavr/bin/../lib/gcc/avr/4.3.3/avr5\libgcc.a(_thenan_sf.o)
 .text          0x00000a6e       0xf2 d:/imt_sdk_win_64/winavr/bin/../lib/gcc/avr/4.3.3/avr5\libgcc.a(_usi_to_sf.o)
                0x00000a6e                __floatunsisf
 .text          0x00000b60        0x0 d:/imt_sdk_win_64/winavr/bin/../lib/gcc/avr/4.3.3/avr5\libgcc.a(_prologue.o)
 .text          0x00000b60        0x0 d:/imt_sdk_win_64/winavr/bin/../lib/gcc/avr/4.3.3/avr5\libgcc.a(_epilogue.o)
 .text          0x00000b60       0x9e d:/imt_sdk_win_64/winavr/bin/../lib/gcc/avr/4.3.3/avr5\libgcc.a(_clzsi2.o)
                0x00000b60                __clzsi2
 .text          0x00000bfe      0x1aa d:/imt_sdk_win_64/winavr/bin/../lib/gcc/avr/4.3.3/avr5\libgcc.a(_pack_sf.o)
                0x00000bfe                __pack_f
 .text          0x00000da8       0xf0 d:/imt_sdk_win_64/winavr/bin/../lib/gcc/avr/4.3.3/avr5\libgcc.a(_unpack_sf.o)
                0x00000da8                __unpack_f
 .text          0x00000e98       0xb2 d:/imt_sdk_win_64/winavr/bin/../lib/gcc/avr/4.3.3/avr5\libgcc.a(_fpcmp_parts_sf.o)
                0x00000e98                __fpcmp_parts_f
 .text          0x00000f4a        0x0 d:/imt_sdk_win_64/winavr/bin/../lib/gcc/avr/4.3.3/avr5\libgcc.a(_clz.o)
                0x00000f4a                . = ALIGN (0x2)
 *(.text.*)
 .text.USART_voidInit
                0x00000f4a       0x8c ./MCAL/USART/src/USART_program.o
                0x00000f4a                USART_voidInit
 .text.USART_voidTxChar
                0x00000fd6       0x34 ./MCAL/USART/src/USART_program.o
                0x00000fd6                USART_voidTxChar
 .text.USART_voidRxChar
                0x0000100a       0x36 ./MCAL/USART/src/USART_program.o
                0x0000100a                USART_voidRxChar
 .text.USART_voidTxString
                0x00001040       0x5a ./MCAL/USART/src/USART_program.o
                0x00001040                USART_voidTxString
 .text.USART_voidRxString
                0x0000109a       0x68 ./MCAL/USART/src/USART_program.o
                0x0000109a                USART_voidRxString
 .text.TWI_voidInitMaster
                0x00001102       0x6a ./MCAL/TWI/src/TWI_program.o
                0x00001102                TWI_voidInitMaster
 .text.TWI_SendStartCondition
                0x0000116c       0x48 ./MCAL/TWI/src/TWI_program.o
                0x0000116c                TWI_SendStartCondition
 .text.TWI_SendRepeatedStart
                0x000011b4       0x48 ./MCAL/TWI/src/TWI_program.o
                0x000011b4                TWI_SendRepeatedStart
 .text.TWI_SendStopCondition
                0x000011fc       0x2a ./MCAL/TWI/src/TWI_program.o
                0x000011fc                TWI_SendStopCondition
 .text.TWI_SendSlaveAddressWithWrite
                0x00001226       0x6c ./MCAL/TWI/src/TWI_program.o
                0x00001226                TWI_SendSlaveAddressWithWrite
 .text.TWI_SendSlaveAddressWithRead
                0x00001292       0x6c ./MCAL/TWI/src/TWI_program.o
                0x00001292                TWI_SendSlaveAddressWithRead
 .text.TWI_SendMasterDataByte
                0x000012fe       0x48 ./MCAL/TWI/src/TWI_program.o
                0x000012fe                TWI_SendMasterDataByte
 .text.TWI_RecieveMasterDataByteWithAck
                0x00001346       0x74 ./MCAL/TWI/src/TWI_program.o
                0x00001346                TWI_RecieveMasterDataByteWithAck
 .text.TWI_RecieveMasterDataByteWithOutAck
                0x000013ba       0x58 ./MCAL/TWI/src/TWI_program.o
                0x000013ba                TWI_RecieveMasterDataByteWithOutAck
 .text.SPI_voidInit
                0x00001412       0x62 ./MCAL/SPI_Slave/src/SPI_program.o
                0x00001412                SPI_voidInit
 .text.SPI_voidTransmiteData
                0x00001474       0x26 ./MCAL/SPI_Slave/src/SPI_program.o
                0x00001474                SPI_voidTransmiteData
 .text.SPI_voidRecieveData
                0x0000149a       0x42 ./MCAL/SPI_Slave/src/SPI_program.o
                0x0000149a                SPI_voidRecieveData
 .text.SPI_u8TrancieveData
                0x000014dc       0x50 ./MCAL/SPI_Slave/src/SPI_program.o
                0x000014dc                SPI_u8TrancieveData
 .text.SPI_voidTxString
                0x0000152c       0x5a ./MCAL/SPI_Slave/src/SPI_program.o
                0x0000152c                SPI_voidTxString
 .text.SPI_voidRxString
                0x00001586       0x68 ./MCAL/SPI_Slave/src/SPI_program.o
                0x00001586                SPI_voidRxString
 .text.SPI_voidTranceiveAsynch
                0x000015ee       0x96 ./MCAL/SPI_Slave/src/SPI_program.o
                0x000015ee                SPI_voidTranceiveAsynch
 .text.__vector_12
                0x00001684       0x88 ./MCAL/SPI_Slave/src/SPI_program.o
                0x00001684                __vector_12
 .text.PWM1_voidInit
                0x0000170c       0x62 ./MCAL/PWM1/src/PWM1_program.o
                0x0000170c                PWM1_voidInit
 .text.PWM1_voidGeneratePWM
                0x0000176e      0x110 ./MCAL/PWM1/src/PWM1_program.o
                0x0000176e                PWM1_voidGeneratePWM
 .text.PWM1_voidStop
                0x0000187e       0x38 ./MCAL/PWM1/src/PWM1_program.o
                0x0000187e                PWM1_voidStop
 .text.GI_voidEnable
                0x000018b6       0x1c ./MCAL/GI/src/GI_program.o
                0x000018b6                GI_voidEnable
 .text.GI_voidDisable
                0x000018d2       0x1c ./MCAL/GI/src/GI_program.o
                0x000018d2                GI_voidDisable
 .text.EXTI_voidInit
                0x000018ee      0x1fe ./MCAL/EXTI/src/EXTI_program.o
                0x000018ee                EXTI_voidInit
 .text.EXTI_voidEnable
                0x00001aec       0x6e ./MCAL/EXTI/src/EXTI_program.o
                0x00001aec                EXTI_voidEnable
 .text.EXTI_voidDisable
                0x00001b5a       0x6e ./MCAL/EXTI/src/EXTI_program.o
                0x00001b5a                EXTI_voidDisable
 .text.EXTI_voidClearFlag
                0x00001bc8       0x6e ./MCAL/EXTI/src/EXTI_program.o
                0x00001bc8                EXTI_voidClearFlag
 .text.EXTI_voidSetCallBack
                0x00001c36       0x8a ./MCAL/EXTI/src/EXTI_program.o
                0x00001c36                EXTI_voidSetCallBack
 .text.__vector_1
                0x00001cc0       0x60 ./MCAL/EXTI/src/EXTI_program.o
                0x00001cc0                __vector_1
 .text.__vector_2
                0x00001d20       0x60 ./MCAL/EXTI/src/EXTI_program.o
                0x00001d20                __vector_2
 .text.__vector_3
                0x00001d80       0x60 ./MCAL/EXTI/src/EXTI_program.o
                0x00001d80                __vector_3
 .text.DIO_enumSetPinDirection
                0x00001de0      0x222 ./MCAL/DIO/src/DIO_program.o
                0x00001de0                DIO_enumSetPinDirection
 .text.DIO_enumSetPinValue
                0x00002002      0x258 ./MCAL/DIO/src/DIO_program.o
                0x00002002                DIO_enumSetPinValue
 .text.DIO_enumGetPinValue
                0x0000225a      0x12c ./MCAL/DIO/src/DIO_program.o
                0x0000225a                DIO_enumGetPinValue
 .text.DIO_enumTogglePinValue
                0x00002386      0x114 ./MCAL/DIO/src/DIO_program.o
                0x00002386                DIO_enumTogglePinValue
 .text.DIO_enumSetPortDirection
                0x0000249a      0x14c ./MCAL/DIO/src/DIO_program.o
                0x0000249a                DIO_enumSetPortDirection
 .text.DIO_enumSetPortValue
                0x000025e6       0x9a ./MCAL/DIO/src/DIO_program.o
                0x000025e6                DIO_enumSetPortValue
 .text.DIO_enumGetPortValue
                0x00002680       0xae ./MCAL/DIO/src/DIO_program.o
                0x00002680                DIO_enumGetPortValue
 .text.DIO_enumTogglePortValue
                0x0000272e       0xae ./MCAL/DIO/src/DIO_program.o
                0x0000272e                DIO_enumTogglePortValue
 .text.DIO_enumActivatePinInPUR
                0x000027dc      0x11c ./MCAL/DIO/src/DIO_program.o
                0x000027dc                DIO_enumActivatePinInPUR
 .text.DIO_enumActivePortInPullUpResistance
                0x000028f8       0x90 ./MCAL/DIO/src/DIO_program.o
                0x000028f8                DIO_enumActivePortInPullUpResistance
 .text.SWITCH_voidInit
                0x00002988       0x22 ./HAL/SWITCH/src/SWITCH_program.o
                0x00002988                SWITCH_voidInit
 .text.SWITCH_voidGetState
                0x000029aa       0xd8 ./HAL/SWITCH/src/SWITCH_program.o
                0x000029aa                SWITCH_voidGetState
 .text.SERVO_voidInit
                0x00002a82       0x1c ./HAL/SERVO/src/SERVO_program.o
                0x00002a82                SERVO_voidInit
 .text.SERVO_voidOn
                0x00002a9e       0x1e ./HAL/SERVO/src/SERVO_program.o
                0x00002a9e                SERVO_voidOn
 .text.SERVO_voidOff
                0x00002abc       0x1e ./HAL/SERVO/src/SERVO_program.o
                0x00002abc                SERVO_voidOff
 .text.SERVO_voidSetPosition
                0x00002ada       0xae ./HAL/SERVO/src/SERVO_program.o
                0x00002ada                SERVO_voidSetPosition
 .text.LCD_voidInit
                0x00002b88      0x5ea ./HAL/LCD/src/LCD_program.o
                0x00002b88                LCD_voidInit
 .text.LCD_voidDisplayChar
                0x00003172       0x42 ./HAL/LCD/src/LCD_program.o
                0x00003172                LCD_voidDisplayChar
 .text.LCD_voidSendCommand
                0x000031b4       0x40 ./HAL/LCD/src/LCD_program.o
                0x000031b4                LCD_voidSendCommand
 .text.LCD_voidClear
                0x000031f4      0x110 ./HAL/LCD/src/LCD_program.o
                0x000031f4                LCD_voidClear
 .text.LCD_voidSendString
                0x00003304       0x52 ./HAL/LCD/src/LCD_program.o
                0x00003304                LCD_voidSendString
 .text.LCD_voidSendNumber
                0x00003356      0x13c ./HAL/LCD/src/LCD_program.o
                0x00003356                LCD_voidSendNumber
 .text.LCD_voidShift
                0x00003492      0x34e ./HAL/LCD/src/LCD_program.o
                0x00003492                LCD_voidShift
 .text.LCD_voidGoToSpecificPosition
                0x000037e0      0x14c ./HAL/LCD/src/LCD_program.o
                0x000037e0                LCD_voidGoToSpecificPosition
 .text.LCD_voidSendExtraChar
                0x0000392c       0x64 ./HAL/LCD/src/LCD_program.o
                0x0000392c                LCD_voidSendExtraChar
 .text.PRV_voidWriteHalfPort
                0x00003990       0xb0 ./HAL/LCD/src/LCD_program.o
 .text.PRV_voidEnableTriggerWrite
                0x00003a40      0x202 ./HAL/LCD/src/LCD_program.o
 .text.KEYPAD_voidInit
                0x00003c42       0xa6 ./HAL/KPD/src/KEYPAD_program.o
                0x00003c42                KEYPAD_voidInit
 .text.KEYPAD_voidGetValue
                0x00003ce8      0x1ec ./HAL/KPD/src/KEYPAD_program.o
                0x00003ce8                KEYPAD_voidGetValue
 .text.EEPROM_voidInit
                0x00003ed4       0x14 ./HAL/EEPROM/src/EEPROM_program.o
                0x00003ed4                EEPROM_voidInit
 .text.EEPROM_voidSendDataByte
                0x00003ee8      0x136 ./HAL/EEPROM/src/EEPROM_program.o
                0x00003ee8                EEPROM_voidSendDataByte
 .text.EEPROM_voidReadDataByte
                0x0000401e      0x14a ./HAL/EEPROM/src/EEPROM_program.o
                0x0000401e                EEPROM_voidReadDataByte
 .text.EEPROM_voidWriteDataPage
                0x00004168      0x16e ./HAL/EEPROM/src/EEPROM_program.o
                0x00004168                EEPROM_voidWriteDataPage
 .text.EEPROM_voidReadDataPage
                0x000042d6      0x192 ./HAL/EEPROM/src/EEPROM_program.o
                0x000042d6                EEPROM_voidReadDataPage
 .text.BUZZER_voidInit
                0x00004468       0x2a ./HAL/BUZZER/src/BUZZER_program.o
                0x00004468                BUZZER_voidInit
 .text.BUZZER_voidOn
                0x00004492       0x44 ./HAL/BUZZER/src/BUZZER_program.o
                0x00004492                BUZZER_voidOn
 .text.BUZZER_voidOff
                0x000044d6       0x44 ./HAL/BUZZER/src/BUZZER_program.o
                0x000044d6                BUZZER_voidOff
 .text.BUZZER_voidToggle
                0x0000451a       0x28 ./HAL/BUZZER/src/BUZZER_program.o
                0x0000451a                BUZZER_voidToggle
 .text.ADMIN_voidInit
                0x00004542       0xc2 ./ADMIN/src/ADMIN_program.o
                0x00004542                ADMIN_voidInit
 .text.ADMIN_voidLogIn
                0x00004604      0x126 ./ADMIN/src/ADMIN_program.o
                0x00004604                ADMIN_voidLogIn
 .text.ADMIN_voidAdminMenu
                0x0000472a       0xcc ./ADMIN/src/ADMIN_program.o
                0x0000472a                ADMIN_voidAdminMenu
 .text.ADMIN_voidAddUser
                0x000047f6      0x1be ./ADMIN/src/ADMIN_program.o
                0x000047f6                ADMIN_voidAddUser
 .text.ADMIN_voidDeleteUser
                0x000049b4       0x82 ./ADMIN/src/ADMIN_program.o
                0x000049b4                ADMIN_voidDeleteUser
 .text.ADMIN_voidEditUser
                0x00004a36      0x1ba ./ADMIN/src/ADMIN_program.o
                0x00004a36                ADMIN_voidEditUser
 .text.ADMIN_voidDisplayAllUsers
                0x00004bf0       0x30 ./ADMIN/src/ADMIN_program.o
                0x00004bf0                ADMIN_voidDisplayAllUsers
 .text.ADMIN_voidOpenDoor
                0x00004c20      0x116 ./ADMIN/src/ADMIN_program.o
                0x00004c20                ADMIN_voidOpenDoor
 .text.ADMIN_voidCloseDoor
                0x00004d36      0x116 ./ADMIN/src/ADMIN_program.o
                0x00004d36                ADMIN_voidCloseDoor
 .text.ADMIN_voidDisplayAdminMenu
                0x00004e4c       0x56 ./ADMIN/src/ADMIN_program.o
                0x00004e4c                ADMIN_voidDisplayAdminMenu
 .text.ISR_UserDataReceived
                0x00004ea2      0x20a ./ADMIN/src/ADMIN_program.o
                0x00004ea2                ISR_UserDataReceived
 .text.ISR_Reset
                0x000050ac      0x14e ./ADMIN/src/ADMIN_program.o
                0x000050ac                ISR_Reset
 .text.main     0x000051fa       0x12 ./main.o
                0x000051fa                main
 .text.libgcc   0x0000520c       0x3e d:/imt_sdk_win_64/winavr/bin/../lib/gcc/avr/4.3.3/avr5\libgcc.a(_mulsi3.o)
                0x0000520c                __mulsi3
 .text.libgcc   0x0000524a       0x44 d:/imt_sdk_win_64/winavr/bin/../lib/gcc/avr/4.3.3/avr5\libgcc.a(_udivmodsi4.o)
                0x0000524a                __udivmodsi4
 .text.libgcc   0x0000528e        0x0 d:/imt_sdk_win_64/winavr/bin/../lib/gcc/avr/4.3.3/avr5\libgcc.a(_exit.o)
 .text.libgcc   0x0000528e        0x0 d:/imt_sdk_win_64/winavr/bin/../lib/gcc/avr/4.3.3/avr5\libgcc.a(_copy_data.o)
 .text.libgcc   0x0000528e        0x0 d:/imt_sdk_win_64/winavr/bin/../lib/gcc/avr/4.3.3/avr5\libgcc.a(_clear_bss.o)
 .text.libgcc   0x0000528e       0x38 d:/imt_sdk_win_64/winavr/bin/../lib/gcc/avr/4.3.3/avr5\libgcc.a(_prologue.o)
                0x0000528e                __prologue_saves__
 .text.libgcc   0x000052c6       0x36 d:/imt_sdk_win_64/winavr/bin/../lib/gcc/avr/4.3.3/avr5\libgcc.a(_epilogue.o)
                0x000052c6                __epilogue_restores__
                0x000052fc                . = ALIGN (0x2)
 *(.fini9)
 .fini9         0x000052fc        0x0 d:/imt_sdk_win_64/winavr/bin/../lib/gcc/avr/4.3.3/avr5\libgcc.a(_exit.o)
                0x000052fc                exit
                0x000052fc                _exit
 *(.fini9)
 *(.fini8)
 *(.fini8)
 *(.fini7)
 *(.fini7)
 *(.fini6)
 *(.fini6)
 *(.fini5)
 *(.fini5)
 *(.fini4)
 *(.fini4)
 *(.fini3)
 *(.fini3)
 *(.fini2)
 *(.fini2)
 *(.fini1)
 *(.fini1)
 *(.fini0)
 .fini0         0x000052fc        0x4 d:/imt_sdk_win_64/winavr/bin/../lib/gcc/avr/4.3.3/avr5\libgcc.a(_exit.o)
 *(.fini0)
                0x00005300                _etext = .

.data           0x00800060      0x720 load address 0x00005300
                0x00800060                PROVIDE (__data_start, .)
 *(.data)
 .data          0x00800060        0x0 d:/imt_sdk_win_64/winavr/bin/../lib/gcc/avr/4.3.3/../../../../avr/lib/avr5/crtm32.o
 .data          0x00800060        0x0 ./MCAL/USART/src/USART_program.o
 .data          0x00800060        0x0 ./MCAL/TWI/src/TWI_program.o
 .data          0x00800060        0x0 ./MCAL/SPI_Slave/src/SPI_program.o
 .data          0x00800060        0x0 ./MCAL/PWM1/src/PWM1_program.o
 .data          0x00800060        0x0 ./MCAL/GI/src/GI_program.o
 .data          0x00800060        0x0 ./MCAL/EXTI/src/EXTI_program.o
 .data          0x00800060        0x0 ./MCAL/DIO/src/DIO_program.o
 .data          0x00800060        0x0 ./HAL/SWITCH/src/SWITCH_program.o
 .data          0x00800060        0x0 ./HAL/SERVO/src/SERVO_program.o
 .data          0x00800060        0x0 ./HAL/LCD/src/LCD_program.o
 .data          0x00800060        0x0 ./HAL/KPD/src/KEYPAD_program.o
 .data          0x00800060        0x0 ./HAL/EEPROM/src/EEPROM_program.o
 .data          0x00800060        0x0 ./HAL/BUZZER/src/BUZZER_program.o
 .data          0x00800060      0x5f5 ./ADMIN/src/ADMIN_program.o
 .data          0x00800655        0x0 ./main.o
 .data          0x00800655        0x0 d:/imt_sdk_win_64/winavr/bin/../lib/gcc/avr/4.3.3/avr5\libgcc.a(_mulsi3.o)
 .data          0x00800655        0x0 d:/imt_sdk_win_64/winavr/bin/../lib/gcc/avr/4.3.3/avr5\libgcc.a(_udivmodsi4.o)
 .data          0x00800655        0x0 d:/imt_sdk_win_64/winavr/bin/../lib/gcc/avr/4.3.3/avr5\libgcc.a(_exit.o)
 .data          0x00800655        0x0 d:/imt_sdk_win_64/winavr/bin/../lib/gcc/avr/4.3.3/avr5\libgcc.a(_copy_data.o)
 .data          0x00800655        0x0 d:/imt_sdk_win_64/winavr/bin/../lib/gcc/avr/4.3.3/avr5\libgcc.a(_clear_bss.o)
 .data          0x00800655        0x0 d:/imt_sdk_win_64/winavr/bin/../lib/gcc/avr/4.3.3/avr5\libgcc.a(_fixunssfsi.o)
 .data          0x00800655        0x0 d:/imt_sdk_win_64/winavr/bin/../lib/gcc/avr/4.3.3/avr5\libgcc.a(_addsub_sf.o)
 .data          0x00800655        0x0 d:/imt_sdk_win_64/winavr/bin/../lib/gcc/avr/4.3.3/avr5\libgcc.a(_mul_sf.o)
 .data          0x00800655        0x0 d:/imt_sdk_win_64/winavr/bin/../lib/gcc/avr/4.3.3/avr5\libgcc.a(_div_sf.o)
 .data          0x00800655        0x0 d:/imt_sdk_win_64/winavr/bin/../lib/gcc/avr/4.3.3/avr5\libgcc.a(_gt_sf.o)
 .data          0x00800655        0x0 d:/imt_sdk_win_64/winavr/bin/../lib/gcc/avr/4.3.3/avr5\libgcc.a(_ge_sf.o)
 .data          0x00800655        0x0 d:/imt_sdk_win_64/winavr/bin/../lib/gcc/avr/4.3.3/avr5\libgcc.a(_lt_sf.o)
 .data          0x00800655        0x0 d:/imt_sdk_win_64/winavr/bin/../lib/gcc/avr/4.3.3/avr5\libgcc.a(_le_sf.o)
 .data          0x00800655        0x0 d:/imt_sdk_win_64/winavr/bin/../lib/gcc/avr/4.3.3/avr5\libgcc.a(_si_to_sf.o)
 .data          0x00800655        0x0 d:/imt_sdk_win_64/winavr/bin/../lib/gcc/avr/4.3.3/avr5\libgcc.a(_sf_to_si.o)
 .data          0x00800655        0x8 d:/imt_sdk_win_64/winavr/bin/../lib/gcc/avr/4.3.3/avr5\libgcc.a(_thenan_sf.o)
                0x00800655                __thenan_sf
 .data          0x0080065d        0x0 d:/imt_sdk_win_64/winavr/bin/../lib/gcc/avr/4.3.3/avr5\libgcc.a(_usi_to_sf.o)
 .data          0x0080065d        0x0 d:/imt_sdk_win_64/winavr/bin/../lib/gcc/avr/4.3.3/avr5\libgcc.a(_prologue.o)
 .data          0x0080065d        0x0 d:/imt_sdk_win_64/winavr/bin/../lib/gcc/avr/4.3.3/avr5\libgcc.a(_epilogue.o)
 .data          0x0080065d        0x0 d:/imt_sdk_win_64/winavr/bin/../lib/gcc/avr/4.3.3/avr5\libgcc.a(_clzsi2.o)
 .data          0x0080065d        0x0 d:/imt_sdk_win_64/winavr/bin/../lib/gcc/avr/4.3.3/avr5\libgcc.a(_pack_sf.o)
 .data          0x0080065d        0x0 d:/imt_sdk_win_64/winavr/bin/../lib/gcc/avr/4.3.3/avr5\libgcc.a(_unpack_sf.o)
 .data          0x0080065d        0x0 d:/imt_sdk_win_64/winavr/bin/../lib/gcc/avr/4.3.3/avr5\libgcc.a(_fpcmp_parts_sf.o)
 .data          0x0080065d      0x100 d:/imt_sdk_win_64/winavr/bin/../lib/gcc/avr/4.3.3/avr5\libgcc.a(_clz.o)
                0x0080065d                __clz_tab
 *(.data*)
 .data.LCD_u8ExtraChar
                0x0080075d       0x10 ./HAL/LCD/src/LCD_program.o
                0x0080075d                LCD_u8ExtraChar
 .data.BUZ1     0x0080076d        0x3 ./ADMIN/src/ADMIN_program.o
                0x0080076d                BUZ1
 *(.rodata)
 *(.rodata*)
 .rodata.C.0.1257
                0x00800770       0x10 ./HAL/KPD/src/KEYPAD_program.o
 *(.gnu.linkonce.d*)
                0x00800780                . = ALIGN (0x2)
                0x00800780                _edata = .
                0x00800780                PROVIDE (__data_end, .)

.bss            0x00800780       0x14
                0x00800780                PROVIDE (__bss_start, .)
 *(.bss)
 .bss           0x00800780        0x0 d:/imt_sdk_win_64/winavr/bin/../lib/gcc/avr/4.3.3/../../../../avr/lib/avr5/crtm32.o
 .bss           0x00800780        0x0 ./MCAL/USART/src/USART_program.o
 .bss           0x00800780        0x0 ./MCAL/TWI/src/TWI_program.o
 .bss           0x00800780        0x0 ./MCAL/SPI_Slave/src/SPI_program.o
 .bss           0x00800780        0x0 ./MCAL/PWM1/src/PWM1_program.o
 .bss           0x00800780        0x0 ./MCAL/GI/src/GI_program.o
 .bss           0x00800780        0x0 ./MCAL/EXTI/src/EXTI_program.o
 .bss           0x00800780        0x0 ./MCAL/DIO/src/DIO_program.o
 .bss           0x00800780        0x0 ./HAL/SWITCH/src/SWITCH_program.o
 .bss           0x00800780        0x0 ./HAL/SERVO/src/SERVO_program.o
 .bss           0x00800780        0x0 ./HAL/LCD/src/LCD_program.o
 .bss           0x00800780        0x0 ./HAL/KPD/src/KEYPAD_program.o
 .bss           0x00800780        0x0 ./HAL/EEPROM/src/EEPROM_program.o
 .bss           0x00800780        0x0 ./HAL/BUZZER/src/BUZZER_program.o
 .bss           0x00800780        0x0 ./ADMIN/src/ADMIN_program.o
 .bss           0x00800780        0x0 ./main.o
 .bss           0x00800780        0x0 d:/imt_sdk_win_64/winavr/bin/../lib/gcc/avr/4.3.3/avr5\libgcc.a(_mulsi3.o)
 .bss           0x00800780        0x0 d:/imt_sdk_win_64/winavr/bin/../lib/gcc/avr/4.3.3/avr5\libgcc.a(_udivmodsi4.o)
 .bss           0x00800780        0x0 d:/imt_sdk_win_64/winavr/bin/../lib/gcc/avr/4.3.3/avr5\libgcc.a(_exit.o)
 .bss           0x00800780        0x0 d:/imt_sdk_win_64/winavr/bin/../lib/gcc/avr/4.3.3/avr5\libgcc.a(_copy_data.o)
 .bss           0x00800780        0x0 d:/imt_sdk_win_64/winavr/bin/../lib/gcc/avr/4.3.3/avr5\libgcc.a(_clear_bss.o)
 .bss           0x00800780        0x0 d:/imt_sdk_win_64/winavr/bin/../lib/gcc/avr/4.3.3/avr5\libgcc.a(_fixunssfsi.o)
 .bss           0x00800780        0x0 d:/imt_sdk_win_64/winavr/bin/../lib/gcc/avr/4.3.3/avr5\libgcc.a(_addsub_sf.o)
 .bss           0x00800780        0x0 d:/imt_sdk_win_64/winavr/bin/../lib/gcc/avr/4.3.3/avr5\libgcc.a(_mul_sf.o)
 .bss           0x00800780        0x0 d:/imt_sdk_win_64/winavr/bin/../lib/gcc/avr/4.3.3/avr5\libgcc.a(_div_sf.o)
 .bss           0x00800780        0x0 d:/imt_sdk_win_64/winavr/bin/../lib/gcc/avr/4.3.3/avr5\libgcc.a(_gt_sf.o)
 .bss           0x00800780        0x0 d:/imt_sdk_win_64/winavr/bin/../lib/gcc/avr/4.3.3/avr5\libgcc.a(_ge_sf.o)
 .bss           0x00800780        0x0 d:/imt_sdk_win_64/winavr/bin/../lib/gcc/avr/4.3.3/avr5\libgcc.a(_lt_sf.o)
 .bss           0x00800780        0x0 d:/imt_sdk_win_64/winavr/bin/../lib/gcc/avr/4.3.3/avr5\libgcc.a(_le_sf.o)
 .bss           0x00800780        0x0 d:/imt_sdk_win_64/winavr/bin/../lib/gcc/avr/4.3.3/avr5\libgcc.a(_si_to_sf.o)
 .bss           0x00800780        0x0 d:/imt_sdk_win_64/winavr/bin/../lib/gcc/avr/4.3.3/avr5\libgcc.a(_sf_to_si.o)
 .bss           0x00800780        0x0 d:/imt_sdk_win_64/winavr/bin/../lib/gcc/avr/4.3.3/avr5\libgcc.a(_thenan_sf.o)
 .bss           0x00800780        0x0 d:/imt_sdk_win_64/winavr/bin/../lib/gcc/avr/4.3.3/avr5\libgcc.a(_usi_to_sf.o)
 .bss           0x00800780        0x0 d:/imt_sdk_win_64/winavr/bin/../lib/gcc/avr/4.3.3/avr5\libgcc.a(_prologue.o)
 .bss           0x00800780        0x0 d:/imt_sdk_win_64/winavr/bin/../lib/gcc/avr/4.3.3/avr5\libgcc.a(_epilogue.o)
 .bss           0x00800780        0x0 d:/imt_sdk_win_64/winavr/bin/../lib/gcc/avr/4.3.3/avr5\libgcc.a(_clzsi2.o)
 .bss           0x00800780        0x0 d:/imt_sdk_win_64/winavr/bin/../lib/gcc/avr/4.3.3/avr5\libgcc.a(_pack_sf.o)
 .bss           0x00800780        0x0 d:/imt_sdk_win_64/winavr/bin/../lib/gcc/avr/4.3.3/avr5\libgcc.a(_unpack_sf.o)
 .bss           0x00800780        0x0 d:/imt_sdk_win_64/winavr/bin/../lib/gcc/avr/4.3.3/avr5\libgcc.a(_fpcmp_parts_sf.o)
 .bss           0x00800780        0x0 d:/imt_sdk_win_64/winavr/bin/../lib/gcc/avr/4.3.3/avr5\libgcc.a(_clz.o)
 *(.bss*)
 .bss.SPI_pu8TxData
                0x00800780        0x2 ./MCAL/SPI_Slave/src/SPI_program.o
 .bss.SPI_pu8RxData
                0x00800782        0x2 ./MCAL/SPI_Slave/src/SPI_program.o
 .bss.PRV_SPICallBackFunc
                0x00800784        0x2 ./MCAL/SPI_Slave/src/SPI_program.o
 .bss.SPI_u8State
                0x00800786        0x1 ./MCAL/SPI_Slave/src/SPI_program.o
                0x00800786                SPI_u8State
 .bss.EXTI_CallBack
                0x00800787        0x6 ./MCAL/EXTI/src/EXTI_program.o
                0x00800787                EXTI_CallBack
 .bss.global_u8UserCount
                0x0080078d        0x1 ./ADMIN/src/ADMIN_program.o
                0x0080078d                global_u8UserCount
 .bss.global_u8Lockdown
                0x0080078e        0x1 ./ADMIN/src/ADMIN_program.o
                0x0080078e                global_u8Lockdown
 .bss.global_vu8SwitchPressed
                0x0080078f        0x1 ./ADMIN/src/ADMIN_program.o
                0x0080078f                global_vu8SwitchPressed
 .bss.global_u8ResetState
                0x00800790        0x1 ./ADMIN/src/ADMIN_program.o
                0x00800790                global_u8ResetState
 .bss.SPI_Response
                0x00800791        0x1 ./ADMIN/src/ADMIN_program.o
                0x00800791                SPI_Response
 .bss.dataReceivedFlag
                0x00800792        0x1 ./ADMIN/src/ADMIN_program.o
                0x00800792                dataReceivedFlag
 .bss.global_state
                0x00800793        0x1 ./ADMIN/src/ADMIN_program.o
                0x00800793                global_state
 *(COMMON)
                0x00800794                PROVIDE (__bss_end, .)
                0x00005300                __data_load_start = LOADADDR (.data)
                0x00005a20                __data_load_end = (__data_load_start + SIZEOF (.data))

.noinit         0x00800794        0x0
                0x00800794                PROVIDE (__noinit_start, .)
 *(.noinit*)
                0x00800794                PROVIDE (__noinit_end, .)
                0x00800794                _end = .
                0x00800794                PROVIDE (__heap_start, .)

.eeprom         0x00810000        0x0
 *(.eeprom*)
                0x00810000                __eeprom_end = .

.fuse
 *(.fuse)
 *(.lfuse)
 *(.hfuse)
 *(.efuse)

.lock
 *(.lock*)

.signature
 *(.signature*)

.stab           0x00000000     0x55b0
 *(.stab)
 .stab          0x00000000      0x450 ./MCAL/USART/src/USART_program.o
 .stab          0x00000450      0x4a4 ./MCAL/TWI/src/TWI_program.o
                                0x54c (size before relaxing)
 .stab          0x000008f4      0x558 ./MCAL/SPI_Slave/src/SPI_program.o
                                0x600 (size before relaxing)
 .stab          0x00000e4c      0x21c ./MCAL/PWM1/src/PWM1_program.o
                                0x2c4 (size before relaxing)
 .stab          0x00001068      0x144 ./MCAL/GI/src/GI_program.o
                                0x1ec (size before relaxing)
 .stab          0x000011ac      0x4e0 ./MCAL/EXTI/src/EXTI_program.o
                                0x588 (size before relaxing)
 .stab          0x0000168c      0xa98 ./MCAL/DIO/src/DIO_program.o
                                0xb40 (size before relaxing)
 .stab          0x00002124      0x228 ./HAL/SWITCH/src/SWITCH_program.o
                                0x2f4 (size before relaxing)
 .stab          0x0000234c      0x228 ./HAL/SERVO/src/SERVO_program.o
                                0x2f4 (size before relaxing)
 .stab          0x00002574     0x1134 ./HAL/LCD/src/LCD_program.o
                               0x1200 (size before relaxing)
 .stab          0x000036a8      0x360 ./HAL/KPD/src/KEYPAD_program.o
                                0x42c (size before relaxing)
 .stab          0x00003a08      0x78c ./HAL/EEPROM/src/EEPROM_program.o
                                0x9c0 (size before relaxing)
 .stab          0x00004194      0x24c ./HAL/BUZZER/src/BUZZER_program.o
                                0x318 (size before relaxing)
 .stab          0x000043e0     0x1074 ./ADMIN/src/ADMIN_program.o
                               0x1320 (size before relaxing)
 .stab          0x00005454      0x15c ./main.o
                                0x408 (size before relaxing)

.stabstr        0x00000000     0x1eef
 *(.stabstr)
 .stabstr       0x00000000     0x1eef ./MCAL/USART/src/USART_program.o

.stab.excl
 *(.stab.excl)

.stab.exclstr
 *(.stab.exclstr)

.stab.index
 *(.stab.index)

.stab.indexstr
 *(.stab.indexstr)

.comment
 *(.comment)

.debug
 *(.debug)

.line
 *(.line)

.debug_srcinfo
 *(.debug_srcinfo)

.debug_sfnames
 *(.debug_sfnames)

.debug_aranges  0x00000000      0x1e0
 *(.debug_aranges)
 .debug_aranges
                0x00000000       0x20 d:/imt_sdk_win_64/winavr/bin/../lib/gcc/avr/4.3.3/avr5\libgcc.a(_fixunssfsi.o)
 .debug_aranges
                0x00000020       0x20 d:/imt_sdk_win_64/winavr/bin/../lib/gcc/avr/4.3.3/avr5\libgcc.a(_addsub_sf.o)
 .debug_aranges
                0x00000040       0x20 d:/imt_sdk_win_64/winavr/bin/../lib/gcc/avr/4.3.3/avr5\libgcc.a(_mul_sf.o)
 .debug_aranges
                0x00000060       0x20 d:/imt_sdk_win_64/winavr/bin/../lib/gcc/avr/4.3.3/avr5\libgcc.a(_div_sf.o)
 .debug_aranges
                0x00000080       0x20 d:/imt_sdk_win_64/winavr/bin/../lib/gcc/avr/4.3.3/avr5\libgcc.a(_gt_sf.o)
 .debug_aranges
                0x000000a0       0x20 d:/imt_sdk_win_64/winavr/bin/../lib/gcc/avr/4.3.3/avr5\libgcc.a(_ge_sf.o)
 .debug_aranges
                0x000000c0       0x20 d:/imt_sdk_win_64/winavr/bin/../lib/gcc/avr/4.3.3/avr5\libgcc.a(_lt_sf.o)
 .debug_aranges
                0x000000e0       0x20 d:/imt_sdk_win_64/winavr/bin/../lib/gcc/avr/4.3.3/avr5\libgcc.a(_le_sf.o)
 .debug_aranges
                0x00000100       0x20 d:/imt_sdk_win_64/winavr/bin/../lib/gcc/avr/4.3.3/avr5\libgcc.a(_si_to_sf.o)
 .debug_aranges
                0x00000120       0x20 d:/imt_sdk_win_64/winavr/bin/../lib/gcc/avr/4.3.3/avr5\libgcc.a(_sf_to_si.o)
 .debug_aranges
                0x00000140       0x20 d:/imt_sdk_win_64/winavr/bin/../lib/gcc/avr/4.3.3/avr5\libgcc.a(_usi_to_sf.o)
 .debug_aranges
                0x00000160       0x20 d:/imt_sdk_win_64/winavr/bin/../lib/gcc/avr/4.3.3/avr5\libgcc.a(_clzsi2.o)
 .debug_aranges
                0x00000180       0x20 d:/imt_sdk_win_64/winavr/bin/../lib/gcc/avr/4.3.3/avr5\libgcc.a(_pack_sf.o)
 .debug_aranges
                0x000001a0       0x20 d:/imt_sdk_win_64/winavr/bin/../lib/gcc/avr/4.3.3/avr5\libgcc.a(_unpack_sf.o)
 .debug_aranges
                0x000001c0       0x20 d:/imt_sdk_win_64/winavr/bin/../lib/gcc/avr/4.3.3/avr5\libgcc.a(_fpcmp_parts_sf.o)

.debug_pubnames
                0x00000000      0x232
 *(.debug_pubnames)
 .debug_pubnames
                0x00000000       0x23 d:/imt_sdk_win_64/winavr/bin/../lib/gcc/avr/4.3.3/avr5\libgcc.a(_fixunssfsi.o)
 .debug_pubnames
                0x00000023       0x2c d:/imt_sdk_win_64/winavr/bin/../lib/gcc/avr/4.3.3/avr5\libgcc.a(_addsub_sf.o)
 .debug_pubnames
                0x0000004f       0x1f d:/imt_sdk_win_64/winavr/bin/../lib/gcc/avr/4.3.3/avr5\libgcc.a(_mul_sf.o)
 .debug_pubnames
                0x0000006e       0x1f d:/imt_sdk_win_64/winavr/bin/../lib/gcc/avr/4.3.3/avr5\libgcc.a(_div_sf.o)
 .debug_pubnames
                0x0000008d       0x1e d:/imt_sdk_win_64/winavr/bin/../lib/gcc/avr/4.3.3/avr5\libgcc.a(_gt_sf.o)
 .debug_pubnames
                0x000000ab       0x1e d:/imt_sdk_win_64/winavr/bin/../lib/gcc/avr/4.3.3/avr5\libgcc.a(_ge_sf.o)
 .debug_pubnames
                0x000000c9       0x1e d:/imt_sdk_win_64/winavr/bin/../lib/gcc/avr/4.3.3/avr5\libgcc.a(_lt_sf.o)
 .debug_pubnames
                0x000000e7       0x1e d:/imt_sdk_win_64/winavr/bin/../lib/gcc/avr/4.3.3/avr5\libgcc.a(_le_sf.o)
 .debug_pubnames
                0x00000105       0x22 d:/imt_sdk_win_64/winavr/bin/../lib/gcc/avr/4.3.3/avr5\libgcc.a(_si_to_sf.o)
 .debug_pubnames
                0x00000127       0x20 d:/imt_sdk_win_64/winavr/bin/../lib/gcc/avr/4.3.3/avr5\libgcc.a(_sf_to_si.o)
 .debug_pubnames
                0x00000147       0x22 d:/imt_sdk_win_64/winavr/bin/../lib/gcc/avr/4.3.3/avr5\libgcc.a(_thenan_sf.o)
 .debug_pubnames
                0x00000169       0x24 d:/imt_sdk_win_64/winavr/bin/../lib/gcc/avr/4.3.3/avr5\libgcc.a(_usi_to_sf.o)
 .debug_pubnames
                0x0000018d       0x1f d:/imt_sdk_win_64/winavr/bin/../lib/gcc/avr/4.3.3/avr5\libgcc.a(_clzsi2.o)
 .debug_pubnames
                0x000001ac       0x1f d:/imt_sdk_win_64/winavr/bin/../lib/gcc/avr/4.3.3/avr5\libgcc.a(_pack_sf.o)
 .debug_pubnames
                0x000001cb       0x21 d:/imt_sdk_win_64/winavr/bin/../lib/gcc/avr/4.3.3/avr5\libgcc.a(_unpack_sf.o)
 .debug_pubnames
                0x000001ec       0x26 d:/imt_sdk_win_64/winavr/bin/../lib/gcc/avr/4.3.3/avr5\libgcc.a(_fpcmp_parts_sf.o)
 .debug_pubnames
                0x00000212       0x20 d:/imt_sdk_win_64/winavr/bin/../lib/gcc/avr/4.3.3/avr5\libgcc.a(_clz.o)

.debug_info     0x00000000     0x2891
 *(.debug_info)
 .debug_info    0x00000000       0xb1 d:/imt_sdk_win_64/winavr/bin/../lib/gcc/avr/4.3.3/avr5\libgcc.a(_fixunssfsi.o)
 .debug_info    0x000000b1      0x47a d:/imt_sdk_win_64/winavr/bin/../lib/gcc/avr/4.3.3/avr5\libgcc.a(_addsub_sf.o)
 .debug_info    0x0000052b      0x485 d:/imt_sdk_win_64/winavr/bin/../lib/gcc/avr/4.3.3/avr5\libgcc.a(_mul_sf.o)
 .debug_info    0x000009b0      0x3fc d:/imt_sdk_win_64/winavr/bin/../lib/gcc/avr/4.3.3/avr5\libgcc.a(_div_sf.o)
 .debug_info    0x00000dac      0x27f d:/imt_sdk_win_64/winavr/bin/../lib/gcc/avr/4.3.3/avr5\libgcc.a(_gt_sf.o)
 .debug_info    0x0000102b      0x27f d:/imt_sdk_win_64/winavr/bin/../lib/gcc/avr/4.3.3/avr5\libgcc.a(_ge_sf.o)
 .debug_info    0x000012aa      0x27f d:/imt_sdk_win_64/winavr/bin/../lib/gcc/avr/4.3.3/avr5\libgcc.a(_lt_sf.o)
 .debug_info    0x00001529      0x27f d:/imt_sdk_win_64/winavr/bin/../lib/gcc/avr/4.3.3/avr5\libgcc.a(_le_sf.o)
 .debug_info    0x000017a8      0x207 d:/imt_sdk_win_64/winavr/bin/../lib/gcc/avr/4.3.3/avr5\libgcc.a(_si_to_sf.o)
 .debug_info    0x000019af      0x2b0 d:/imt_sdk_win_64/winavr/bin/../lib/gcc/avr/4.3.3/avr5\libgcc.a(_sf_to_si.o)
 .debug_info    0x00001c5f      0x12c d:/imt_sdk_win_64/winavr/bin/../lib/gcc/avr/4.3.3/avr5\libgcc.a(_thenan_sf.o)
 .debug_info    0x00001d8b      0x206 d:/imt_sdk_win_64/winavr/bin/../lib/gcc/avr/4.3.3/avr5\libgcc.a(_usi_to_sf.o)
 .debug_info    0x00001f91      0x117 d:/imt_sdk_win_64/winavr/bin/../lib/gcc/avr/4.3.3/avr5\libgcc.a(_clzsi2.o)
 .debug_info    0x000020a8      0x2df d:/imt_sdk_win_64/winavr/bin/../lib/gcc/avr/4.3.3/avr5\libgcc.a(_pack_sf.o)
 .debug_info    0x00002387      0x251 d:/imt_sdk_win_64/winavr/bin/../lib/gcc/avr/4.3.3/avr5\libgcc.a(_unpack_sf.o)
 .debug_info    0x000025d8      0x210 d:/imt_sdk_win_64/winavr/bin/../lib/gcc/avr/4.3.3/avr5\libgcc.a(_fpcmp_parts_sf.o)
 .debug_info    0x000027e8       0xa9 d:/imt_sdk_win_64/winavr/bin/../lib/gcc/avr/4.3.3/avr5\libgcc.a(_clz.o)
 *(.gnu.linkonce.wi.*)

.debug_abbrev   0x00000000     0x1628
 *(.debug_abbrev)
 .debug_abbrev  0x00000000       0x5d d:/imt_sdk_win_64/winavr/bin/../lib/gcc/avr/4.3.3/avr5\libgcc.a(_fixunssfsi.o)
 .debug_abbrev  0x0000005d      0x1ea d:/imt_sdk_win_64/winavr/bin/../lib/gcc/avr/4.3.3/avr5\libgcc.a(_addsub_sf.o)
 .debug_abbrev  0x00000247      0x21b d:/imt_sdk_win_64/winavr/bin/../lib/gcc/avr/4.3.3/avr5\libgcc.a(_mul_sf.o)
 .debug_abbrev  0x00000462      0x216 d:/imt_sdk_win_64/winavr/bin/../lib/gcc/avr/4.3.3/avr5\libgcc.a(_div_sf.o)
 .debug_abbrev  0x00000678      0x15a d:/imt_sdk_win_64/winavr/bin/../lib/gcc/avr/4.3.3/avr5\libgcc.a(_gt_sf.o)
 .debug_abbrev  0x000007d2      0x15a d:/imt_sdk_win_64/winavr/bin/../lib/gcc/avr/4.3.3/avr5\libgcc.a(_ge_sf.o)
 .debug_abbrev  0x0000092c      0x15a d:/imt_sdk_win_64/winavr/bin/../lib/gcc/avr/4.3.3/avr5\libgcc.a(_lt_sf.o)
 .debug_abbrev  0x00000a86      0x15a d:/imt_sdk_win_64/winavr/bin/../lib/gcc/avr/4.3.3/avr5\libgcc.a(_le_sf.o)
 .debug_abbrev  0x00000be0      0x148 d:/imt_sdk_win_64/winavr/bin/../lib/gcc/avr/4.3.3/avr5\libgcc.a(_si_to_sf.o)
 .debug_abbrev  0x00000d28      0x17f d:/imt_sdk_win_64/winavr/bin/../lib/gcc/avr/4.3.3/avr5\libgcc.a(_sf_to_si.o)
 .debug_abbrev  0x00000ea7       0xad d:/imt_sdk_win_64/winavr/bin/../lib/gcc/avr/4.3.3/avr5\libgcc.a(_thenan_sf.o)
 .debug_abbrev  0x00000f54      0x157 d:/imt_sdk_win_64/winavr/bin/../lib/gcc/avr/4.3.3/avr5\libgcc.a(_usi_to_sf.o)
 .debug_abbrev  0x000010ab       0xc4 d:/imt_sdk_win_64/winavr/bin/../lib/gcc/avr/4.3.3/avr5\libgcc.a(_clzsi2.o)
 .debug_abbrev  0x0000116f      0x1c0 d:/imt_sdk_win_64/winavr/bin/../lib/gcc/avr/4.3.3/avr5\libgcc.a(_pack_sf.o)
 .debug_abbrev  0x0000132f      0x154 d:/imt_sdk_win_64/winavr/bin/../lib/gcc/avr/4.3.3/avr5\libgcc.a(_unpack_sf.o)
 .debug_abbrev  0x00001483      0x13b d:/imt_sdk_win_64/winavr/bin/../lib/gcc/avr/4.3.3/avr5\libgcc.a(_fpcmp_parts_sf.o)
 .debug_abbrev  0x000015be       0x6a d:/imt_sdk_win_64/winavr/bin/../lib/gcc/avr/4.3.3/avr5\libgcc.a(_clz.o)

.debug_line     0x00000000     0x13de
 *(.debug_line)
 .debug_line    0x00000000       0xa7 d:/imt_sdk_win_64/winavr/bin/../lib/gcc/avr/4.3.3/avr5\libgcc.a(_fixunssfsi.o)
 .debug_line    0x000000a7      0x2af d:/imt_sdk_win_64/winavr/bin/../lib/gcc/avr/4.3.3/avr5\libgcc.a(_addsub_sf.o)
 .debug_line    0x00000356      0x239 d:/imt_sdk_win_64/winavr/bin/../lib/gcc/avr/4.3.3/avr5\libgcc.a(_mul_sf.o)
 .debug_line    0x0000058f      0x1d5 d:/imt_sdk_win_64/winavr/bin/../lib/gcc/avr/4.3.3/avr5\libgcc.a(_div_sf.o)
 .debug_line    0x00000764       0xd3 d:/imt_sdk_win_64/winavr/bin/../lib/gcc/avr/4.3.3/avr5\libgcc.a(_gt_sf.o)
 .debug_line    0x00000837       0xd3 d:/imt_sdk_win_64/winavr/bin/../lib/gcc/avr/4.3.3/avr5\libgcc.a(_ge_sf.o)
 .debug_line    0x0000090a       0xd3 d:/imt_sdk_win_64/winavr/bin/../lib/gcc/avr/4.3.3/avr5\libgcc.a(_lt_sf.o)
 .debug_line    0x000009dd       0xd3 d:/imt_sdk_win_64/winavr/bin/../lib/gcc/avr/4.3.3/avr5\libgcc.a(_le_sf.o)
 .debug_line    0x00000ab0      0x135 d:/imt_sdk_win_64/winavr/bin/../lib/gcc/avr/4.3.3/avr5\libgcc.a(_si_to_sf.o)
 .debug_line    0x00000be5      0x109 d:/imt_sdk_win_64/winavr/bin/../lib/gcc/avr/4.3.3/avr5\libgcc.a(_sf_to_si.o)
 .debug_line    0x00000cee       0x90 d:/imt_sdk_win_64/winavr/bin/../lib/gcc/avr/4.3.3/avr5\libgcc.a(_thenan_sf.o)
 .debug_line    0x00000d7e      0x133 d:/imt_sdk_win_64/winavr/bin/../lib/gcc/avr/4.3.3/avr5\libgcc.a(_usi_to_sf.o)
 .debug_line    0x00000eb1       0xa5 d:/imt_sdk_win_64/winavr/bin/../lib/gcc/avr/4.3.3/avr5\libgcc.a(_clzsi2.o)
 .debug_line    0x00000f56      0x18a d:/imt_sdk_win_64/winavr/bin/../lib/gcc/avr/4.3.3/avr5\libgcc.a(_pack_sf.o)
 .debug_line    0x000010e0      0x14b d:/imt_sdk_win_64/winavr/bin/../lib/gcc/avr/4.3.3/avr5\libgcc.a(_unpack_sf.o)
 .debug_line    0x0000122b      0x137 d:/imt_sdk_win_64/winavr/bin/../lib/gcc/avr/4.3.3/avr5\libgcc.a(_fpcmp_parts_sf.o)
 .debug_line    0x00001362       0x7c d:/imt_sdk_win_64/winavr/bin/../lib/gcc/avr/4.3.3/avr5\libgcc.a(_clz.o)

.debug_frame    0x00000000      0x200
 *(.debug_frame)
 .debug_frame   0x00000000       0x20 d:/imt_sdk_win_64/winavr/bin/../lib/gcc/avr/4.3.3/avr5\libgcc.a(_fixunssfsi.o)
 .debug_frame   0x00000020       0x40 d:/imt_sdk_win_64/winavr/bin/../lib/gcc/avr/4.3.3/avr5\libgcc.a(_addsub_sf.o)
 .debug_frame   0x00000060       0x20 d:/imt_sdk_win_64/winavr/bin/../lib/gcc/avr/4.3.3/avr5\libgcc.a(_mul_sf.o)
 .debug_frame   0x00000080       0x20 d:/imt_sdk_win_64/winavr/bin/../lib/gcc/avr/4.3.3/avr5\libgcc.a(_div_sf.o)
 .debug_frame   0x000000a0       0x20 d:/imt_sdk_win_64/winavr/bin/../lib/gcc/avr/4.3.3/avr5\libgcc.a(_gt_sf.o)
 .debug_frame   0x000000c0       0x20 d:/imt_sdk_win_64/winavr/bin/../lib/gcc/avr/4.3.3/avr5\libgcc.a(_ge_sf.o)
 .debug_frame   0x000000e0       0x20 d:/imt_sdk_win_64/winavr/bin/../lib/gcc/avr/4.3.3/avr5\libgcc.a(_lt_sf.o)
 .debug_frame   0x00000100       0x20 d:/imt_sdk_win_64/winavr/bin/../lib/gcc/avr/4.3.3/avr5\libgcc.a(_le_sf.o)
 .debug_frame   0x00000120       0x20 d:/imt_sdk_win_64/winavr/bin/../lib/gcc/avr/4.3.3/avr5\libgcc.a(_si_to_sf.o)
 .debug_frame   0x00000140       0x20 d:/imt_sdk_win_64/winavr/bin/../lib/gcc/avr/4.3.3/avr5\libgcc.a(_sf_to_si.o)
 .debug_frame   0x00000160       0x20 d:/imt_sdk_win_64/winavr/bin/../lib/gcc/avr/4.3.3/avr5\libgcc.a(_usi_to_sf.o)
 .debug_frame   0x00000180       0x20 d:/imt_sdk_win_64/winavr/bin/../lib/gcc/avr/4.3.3/avr5\libgcc.a(_clzsi2.o)
 .debug_frame   0x000001a0       0x20 d:/imt_sdk_win_64/winavr/bin/../lib/gcc/avr/4.3.3/avr5\libgcc.a(_pack_sf.o)
 .debug_frame   0x000001c0       0x20 d:/imt_sdk_win_64/winavr/bin/../lib/gcc/avr/4.3.3/avr5\libgcc.a(_unpack_sf.o)
 .debug_frame   0x000001e0       0x20 d:/imt_sdk_win_64/winavr/bin/../lib/gcc/avr/4.3.3/avr5\libgcc.a(_fpcmp_parts_sf.o)

.debug_str      0x00000000      0x30f
 *(.debug_str)
 .debug_str     0x00000000       0xbf d:/imt_sdk_win_64/winavr/bin/../lib/gcc/avr/4.3.3/avr5\libgcc.a(_fixunssfsi.o)
                                 0xfe (size before relaxing)
 .debug_str     0x000000bf      0x14d d:/imt_sdk_win_64/winavr/bin/../lib/gcc/avr/4.3.3/avr5\libgcc.a(_addsub_sf.o)
                                0x206 (size before relaxing)
 .debug_str     0x0000020c       0x27 d:/imt_sdk_win_64/winavr/bin/../lib/gcc/avr/4.3.3/avr5\libgcc.a(_mul_sf.o)
                                0x1bf (size before relaxing)
 .debug_str     0x00000233       0x35 d:/imt_sdk_win_64/winavr/bin/../lib/gcc/avr/4.3.3/avr5\libgcc.a(_div_sf.o)
                                0x1c8 (size before relaxing)
 .debug_str     0x00000268        0x8 d:/imt_sdk_win_64/winavr/bin/../lib/gcc/avr/4.3.3/avr5\libgcc.a(_gt_sf.o)
                                0x195 (size before relaxing)
 .debug_str     0x00000270        0x8 d:/imt_sdk_win_64/winavr/bin/../lib/gcc/avr/4.3.3/avr5\libgcc.a(_ge_sf.o)
                                0x195 (size before relaxing)
 .debug_str     0x00000278        0x8 d:/imt_sdk_win_64/winavr/bin/../lib/gcc/avr/4.3.3/avr5\libgcc.a(_lt_sf.o)
                                0x195 (size before relaxing)
 .debug_str     0x00000280        0x8 d:/imt_sdk_win_64/winavr/bin/../lib/gcc/avr/4.3.3/avr5\libgcc.a(_le_sf.o)
                                0x195 (size before relaxing)
 .debug_str     0x00000288       0x1e d:/imt_sdk_win_64/winavr/bin/../lib/gcc/avr/4.3.3/avr5\libgcc.a(_si_to_sf.o)
                                0x17b (size before relaxing)
 .debug_str     0x000002a6        0xa d:/imt_sdk_win_64/winavr/bin/../lib/gcc/avr/4.3.3/avr5\libgcc.a(_sf_to_si.o)
                                0x19e (size before relaxing)
 .debug_str     0x00000000      0x103 d:/imt_sdk_win_64/winavr/bin/../lib/gcc/avr/4.3.3/avr5\libgcc.a(_thenan_sf.o)
 .debug_str     0x000002b0       0x14 d:/imt_sdk_win_64/winavr/bin/../lib/gcc/avr/4.3.3/avr5\libgcc.a(_usi_to_sf.o)
                                0x177 (size before relaxing)
 .debug_str     0x000002c4       0x20 d:/imt_sdk_win_64/winavr/bin/../lib/gcc/avr/4.3.3/avr5\libgcc.a(_clzsi2.o)
                                0x111 (size before relaxing)
 .debug_str     0x000002e4       0x10 d:/imt_sdk_win_64/winavr/bin/../lib/gcc/avr/4.3.3/avr5\libgcc.a(_pack_sf.o)
                                0x19d (size before relaxing)
 .debug_str     0x000002f4        0xb d:/imt_sdk_win_64/winavr/bin/../lib/gcc/avr/4.3.3/avr5\libgcc.a(_unpack_sf.o)
                                0x17f (size before relaxing)
 .debug_str     0x000002ff       0x10 d:/imt_sdk_win_64/winavr/bin/../lib/gcc/avr/4.3.3/avr5\libgcc.a(_fpcmp_parts_sf.o)
                                0x163 (size before relaxing)
 .debug_str     0x00000000       0xf4 d:/imt_sdk_win_64/winavr/bin/../lib/gcc/avr/4.3.3/avr5\libgcc.a(_clz.o)

.debug_loc      0x00000000      0xa56
 *(.debug_loc)
 .debug_loc     0x00000000       0x34 d:/imt_sdk_win_64/winavr/bin/../lib/gcc/avr/4.3.3/avr5\libgcc.a(_fixunssfsi.o)
 .debug_loc     0x00000034      0x32a d:/imt_sdk_win_64/winavr/bin/../lib/gcc/avr/4.3.3/avr5\libgcc.a(_addsub_sf.o)
 .debug_loc     0x0000035e      0x104 d:/imt_sdk_win_64/winavr/bin/../lib/gcc/avr/4.3.3/avr5\libgcc.a(_mul_sf.o)
 .debug_loc     0x00000462       0xc0 d:/imt_sdk_win_64/winavr/bin/../lib/gcc/avr/4.3.3/avr5\libgcc.a(_div_sf.o)
 .debug_loc     0x00000522       0x3c d:/imt_sdk_win_64/winavr/bin/../lib/gcc/avr/4.3.3/avr5\libgcc.a(_gt_sf.o)
 .debug_loc     0x0000055e       0x3c d:/imt_sdk_win_64/winavr/bin/../lib/gcc/avr/4.3.3/avr5\libgcc.a(_ge_sf.o)
 .debug_loc     0x0000059a       0x3c d:/imt_sdk_win_64/winavr/bin/../lib/gcc/avr/4.3.3/avr5\libgcc.a(_lt_sf.o)
 .debug_loc     0x000005d6       0x3c d:/imt_sdk_win_64/winavr/bin/../lib/gcc/avr/4.3.3/avr5\libgcc.a(_le_sf.o)
 .debug_loc     0x00000612       0xac d:/imt_sdk_win_64/winavr/bin/../lib/gcc/avr/4.3.3/avr5\libgcc.a(_si_to_sf.o)
 .debug_loc     0x000006be       0x7e d:/imt_sdk_win_64/winavr/bin/../lib/gcc/avr/4.3.3/avr5\libgcc.a(_sf_to_si.o)
 .debug_loc     0x0000073c       0x4c d:/imt_sdk_win_64/winavr/bin/../lib/gcc/avr/4.3.3/avr5\libgcc.a(_usi_to_sf.o)
 .debug_loc     0x00000788       0x94 d:/imt_sdk_win_64/winavr/bin/../lib/gcc/avr/4.3.3/avr5\libgcc.a(_clzsi2.o)
 .debug_loc     0x0000081c      0x13e d:/imt_sdk_win_64/winavr/bin/../lib/gcc/avr/4.3.3/avr5\libgcc.a(_pack_sf.o)
 .debug_loc     0x0000095a       0xac d:/imt_sdk_win_64/winavr/bin/../lib/gcc/avr/4.3.3/avr5\libgcc.a(_unpack_sf.o)
 .debug_loc     0x00000a06       0x50 d:/imt_sdk_win_64/winavr/bin/../lib/gcc/avr/4.3.3/avr5\libgcc.a(_fpcmp_parts_sf.o)

.debug_macinfo
 *(.debug_macinfo)
OUTPUT(SMART_HOME_ADMIN.elf elf32-avr)
LOAD linker stubs

.debug_ranges   0x00000000       0x50
 .debug_ranges  0x00000000       0x50 d:/imt_sdk_win_64/winavr/bin/../lib/gcc/avr/4.3.3/avr5\libgcc.a(_mul_sf.o)
